commit: a180192a458b75b0b727cbb8ae2e373f14425628
To honour the JVM settings for this build a single-use Daemon process will be forked. For more on this, please refer to https://docs.gradle.org/9.2.1/userguide/gradle_daemon.html#sec:disabling_the_daemon in the Gradle documentation.
Daemon will be stopped at the end of the build 
Calculating task graph as no cached configuration is available for tasks: compileJava

> Configure project :
Creating Minecraft artifacts without recompilation.

> Task :createMinecraftArtifacts
Loaded 127 artifacts from /home/runner/work/TaCZ_Renovated/TaCZ_Renovated/build/tmp/createMinecraftArtifacts/nfrt_artifact_manifest.properties
[1m*** Started working on [4mdownloadManifest[0m[0m
  ↓ https://launchermeta.mojang.com/mc/game/version_manifest_v2.json
 [1m[92m✓[0m Completed [4mdownloadManifest[0m in 0.35s
[1m*** Started working on [4mdownloadJson[0m[0m
 [1m[92m✓[0m Completed [4mdownloadJson[0m in 0.00s
[1m*** Started working on [4mdownloadServer[0m[0m
[1m*** Started working on [4mdownloadClient[0m[0m
 [1m[92m✓[0m Completed [4mdownloadClient[0m in 0.04s
 [1m[92m✓[0m Completed [4mdownloadServer[0m in 0.04s
[1m*** Started working on [4mpreProcessJar[0m[0m
 [1m[92m♻[0m Used cache of [4mpreProcessJar[0m in 0.00s
[1m*** Started working on [4mbinaryPatch[0m[0m
 [1m[92m♻[0m Used cache of [4mbinaryPatch[0m in 0.00s
[1m*** Started working on [4mcopyUnpatchedClasses[0m[0m
 [1m[92m♻[0m Used cache of [4mcopyUnpatchedClasses[0m in 0.00s
[1m*** Started working on [4mapplyDevTransforms[0m[0m
 [1m[92m♻[0m Used cache of [4mapplyDevTransforms[0m in 0.00s
Performing periodic cache maintenance on /home/runner/.gradle/caches/neoformruntime
Cleaning intermediate results cache in /home/runner/.gradle/caches/neoformruntime/intermediate_results
 Maximum age: 744h
 Maximum cache size: 10 GiB
 [0;2;3m8 files found[0m
 [0;2;3m131 MiB overall size[0m
 [0;2;3m0 expired keys found[0m
Total runtime: 1.10s


> Task :compileJava FROM-CACHE
gradle/actions: Writing build results to /home/runner/work/_temp/.gradle-actions/build-results/__run-1788968143156.json

[Incubating] Problems report is available at: file:///home/runner/work/TaCZ_Renovated/TaCZ_Renovated/build/reports/problems/problems-report.html

Deprecated Gradle features were used in this build, making it incompatible with Gradle 10.

You can use '--warning-mode all' to show the individual deprecation warnings and determine if they come from your own scripts or plugins.

For more on this, please refer to https://docs.gradle.org/9.2.1/userguide/command_line_interface.html#sec:command_line_warnings in the Gradle documentation.

BUILD SUCCESSFUL in 13s
2 actionable tasks: 1 executed, 1 from cache
Configuration cache entry stored.

== job status: success ==
